
> thero-incremental-td@1.0.0 build
> tsc && node scripts/sync-ts-output.cjs && node scripts/check-migration-roadmap.cjs && node scripts/build-static.cjs

sync-ts-output: build\ts-out\assets\alephUpgradeState.js -> assets\alephUpgradeState.js
sync-ts-output: build\ts-out\assets\algebraicUpgrades.js -> assets\algebraicUpgrades.js
sync-ts-output: build\ts-out\assets\autoSave.js -> assets\autoSave.js
sync-ts-output: build\ts-out\assets\data\towers\alpha.js -> assets\data\towers\alpha.js
sync-ts-output: build\ts-out\assets\data\towers\beta.js -> assets\data\towers\beta.js
sync-ts-output: build\ts-out\assets\data\towers\chi.js -> assets\data\towers\chi.js
sync-ts-output: build\ts-out\assets\data\towers\delta.js -> assets\data\towers\delta.js
sync-ts-output: build\ts-out\assets\data\towers\density-collapse.js -> assets\data\towers\density-collapse.js
sync-ts-output: build\ts-out\assets\data\towers\epsilon.js -> assets\data\towers\epsilon.js
sync-ts-output: build\ts-out\assets\data\towers\eta.js -> assets\data\towers\eta.js
sync-ts-output: build\ts-out\assets\data\towers\gamma.js -> assets\data\towers\gamma.js
sync-ts-output: build\ts-out\assets\data\towers\index.js -> assets\data\towers\index.js
sync-ts-output: build\ts-out\assets\data\towers\infinity.js -> assets\data\towers\infinity.js
sync-ts-output: build\ts-out\assets\data\towers\iota.js -> assets\data\towers\iota.js
sync-ts-output: build\ts-out\assets\data\towers\kappa.js -> assets\data\towers\kappa.js
sync-ts-output: build\ts-out\assets\data\towers\lambda.js -> assets\data\towers\lambda.js
sync-ts-output: build\ts-out\assets\data\towers\mind-gate.js -> assets\data\towers\mind-gate.js
sync-ts-output: build\ts-out\assets\data\towers\mu.js -> assets\data\towers\mu.js
sync-ts-output: build\ts-out\assets\data\towers\nu.js -> assets\data\towers\nu.js
sync-ts-output: build\ts-out\assets\data\towers\omega.js -> assets\data\towers\omega.js
sync-ts-output: build\ts-out\assets\data\towers\omicron.js -> assets\data\towers\omicron.js
sync-ts-output: build\ts-out\assets\data\towers\orbital-collapse.js -> assets\data\towers\orbital-collapse.js
sync-ts-output: build\ts-out\assets\data\towers\phi.js -> assets\data\towers\phi.js
sync-ts-output: build\ts-out\assets\data\towers\pi.js -> assets\data\towers\pi.js
sync-ts-output: build\ts-out\assets\data\towers\polynomial-engine.js -> assets\data\towers\polynomial-engine.js
sync-ts-output: build\ts-out\assets\data\towers\psi.js -> assets\data\towers\psi.js
sync-ts-output: build\ts-out\assets\data\towers\regression.js -> assets\data\towers\regression.js
sync-ts-output: build\ts-out\assets\data\towers\rho.js -> assets\data\towers\rho.js
sync-ts-output: build\ts-out\assets\data\towers\shadow-gate.js -> assets\data\towers\shadow-gate.js
sync-ts-output: build\ts-out\assets\data\towers\sigma.js -> assets\data\towers\sigma.js
sync-ts-output: build\ts-out\assets\data\towers\tau.js -> assets\data\towers\tau.js
sync-ts-output: build\ts-out\assets\data\towers\theta.js -> assets\data\towers\theta.js
sync-ts-output: build\ts-out\assets\data\towers\towerUnlockCost.js -> assets\data\towers\towerUnlockCost.js
sync-ts-output: build\ts-out\assets\data\towers\types.js -> assets\data\towers\types.js
sync-ts-output: build\ts-out\assets\data\towers\upsilon.js -> assets\data\towers\upsilon.js
sync-ts-output: build\ts-out\assets\data\towers\xi.js -> assets\data\towers\xi.js
sync-ts-output: build\ts-out\assets\data\towers\zeta-old.js -> assets\data\towers\zeta-old.js
sync-ts-output: build\ts-out\assets\data\towers\zeta.js -> assets\data\towers\zeta.js
sync-ts-output: build\ts-out\assets\greekVariableProgression.js -> assets\greekVariableProgression.js
sync-ts-output: build\ts-out\assets\preferences.js -> assets\preferences.js
sync-ts-output: build\ts-out\assets\saveCompatibility.js -> assets\saveCompatibility.js
sync-ts-output: build\ts-out\assets\spireResourcePersistence.js -> assets\spireResourcePersistence.js
sync-ts-output: build\ts-out\assets\state\monetizationState.js -> assets\state\monetizationState.js
sync-ts-output: build\ts-out\assets\state\resourceState.js -> assets\state\resourceState.js
sync-ts-output: build\ts-out\assets\state\spireResourceState.js -> assets\state\spireResourceState.js
sync-ts-output: build\ts-out\assets\tabLockManager.js -> assets\tabLockManager.js
sync-ts-output: build\ts-out\assets\towerBlueprintPresenter.js -> assets\towerBlueprintPresenter.js
sync-ts-output: build\ts-out\assets\towerEquations\advanced\kappaEquation.js -> assets\towerEquations\advanced\kappaEquation.js
sync-ts-output: build\ts-out\assets\towerEquations\advanced\lambdaEquation.js -> assets\towerEquations\advanced\lambdaEquation.js
sync-ts-output: build\ts-out\assets\towerEquations\advanced\muEquation.js -> assets\towerEquations\advanced\muEquation.js
sync-ts-output: build\ts-out\assets\towerEquations\advanced\nuEquation.js -> assets\towerEquations\advanced\nuEquation.js
sync-ts-output: build\ts-out\assets\towerEquations\advanced\phiEquation.js -> assets\towerEquations\advanced\phiEquation.js
sync-ts-output: build\ts-out\assets\towerEquations\advanced\rhoEquation.js -> assets\towerEquations\advanced\rhoEquation.js
sync-ts-output: build\ts-out\assets\towerEquations\advanced\sigmaEquation.js -> assets\towerEquations\advanced\sigmaEquation.js
sync-ts-output: build\ts-out\assets\towerEquations\advanced\tauEquation.js -> assets\towerEquations\advanced\tauEquation.js
sync-ts-output: build\ts-out\assets\towerEquations\advanced\upsilonEquation.js -> assets\towerEquations\advanced\upsilonEquation.js
sync-ts-output: build\ts-out\assets\towerEquations\advanced\xiEquation.js -> assets\towerEquations\advanced\xiEquation.js
sync-ts-output: build\ts-out\assets\towerEquations\advancedTowers.js -> assets\towerEquations\advancedTowers.js
sync-ts-output: build\ts-out\assets\towerEquations\blueprintContext.js -> assets\towerEquations\blueprintContext.js
sync-ts-output: build\ts-out\assets\towerEquations\index.js -> assets\towerEquations\index.js
sync-ts-output: build\ts-out\assets\towerEquations\masterEquationUtils.js -> assets\towerEquations\masterEquationUtils.js
sync-ts-output: build\ts-out\assets\towerEquations\mindGate.js -> assets\towerEquations\mindGate.js
sync-ts-output: build\ts-out\assets\towerEquations\shadowGate.js -> assets\towerEquations\shadowGate.js
sync-ts-output: build\ts-out\assets\towerEquationTooltip.js -> assets\towerEquationTooltip.js
sync-ts-output: build\ts-out\assets\towerKillStats.js -> assets\towerKillStats.js
sync-ts-output: build\ts-out\assets\towerVariableDiscovery.js -> assets\towerVariableDiscovery.js
sync-ts-output: build\ts-out\assets\uiTabManager.js -> assets\uiTabManager.js
sync-ts-output: build\ts-out\scripts\core\formatting.js -> scripts\core\formatting.js
sync-ts-output: build\ts-out\scripts\core\mathText.js -> scripts\core\mathText.js
Migration roadmap verified: 69 TS sources, 69 generated siblings, 172 active JS modules, 45 decision candidates.
Static build copied index.html, assets, scripts to dist/.
